// Jest Snapshot v1, https://goo.gl/fbAQLP

exports[`should render the list of cakes returned by the api 1`] = `
<div>
  <div
    className="cake-search"
  >
    <input
      onChange={[Function]}
      placeholder="Search for a cake"
      type="text"
    />
  </div>
  <div
    className="cakes-container"
  >
    <article
      className="cake-card"
    >
      <div
        className="card-header"
      >
        <img
          alt="awesome-cake"
          src={undefined}
        />
      </div>
      <h2>
        awesome-cake
      </h2>
      <p>
        some description
      </p>
    </article>
    <article
      className="cake-card"
    >
      <div
        className="card-header"
      >
        <img
          alt="bad-cake"
          src={undefined}
        />
      </div>
      <h2>
        bad-cake
      </h2>
      <p>
        bad cake description
      </p>
    </article>
  </div>
</div>
`;
