// Jest Snapshot v1, https://goo.gl/fbAQLP

exports[`renders a Search box for matching cakes 1`] = `
<article
  className="cake-card"
>
  <div
    className="card-header"
  >
    <img
      alt="image-title"
      src={undefined}
    />
  </div>
  <h2>
    image-title
  </h2>
  <p>
    some description
  </p>
</article>
`;
